2025-08-24 02:15:28,930 - aqt.helper - DEBUG - helper 140595352133760 Attempt to download checksum at https://download.qt.io/online/qtsdkrepository/linux_x64/desktop/qt6_680/qt6_680/Updates.xml.sha256
2025-08-24 02:15:31,943 - aqt.helper - DEBUG - helper 140595352133760 Attempt to download checksum at https://download.qt.io/online/qtsdkrepository/linux_x64/desktop/qt6_680/qt6_680/Updates.xml.sha256
2025-08-24 02:15:34,957 - aqt.helper - DEBUG - helper 140595352133760 Attempt to download checksum at https://download.qt.io/online/qtsdkrepository/linux_x64/desktop/qt6_680/qt6_680/Updates.xml.sha256
2025-08-24 02:15:37,971 - aqt.helper - DEBUG - helper 140595352133760 Attempt to download checksum at https://download.qt.io/online/qtsdkrepository/linux_x64/desktop/qt6_680/qt6_680/Updates.xml.sha256
2025-08-24 02:15:40,982 - aqt.helper - DEBUG - helper 140595352133760 Attempt to download checksum at https://download.qt.io/online/qtsdkrepository/linux_x64/desktop/qt6_680/qt6_680/Updates.xml.sha256
2025-08-24 02:15:43,998 - aqt.main - ERROR - installer 140595352133760 Failed to download checksum for the file 'Updates.xml' from mirrors '['https://download.qt.io']
==============================Suggested follow-up:==============================
* Check your internet connection
* Consider modifying `requests.max_retries_to_retrieve_hash` in settings.ini
* Consider modifying `mirrors.trusted_mirrors` in settings.ini (see https://aqtinstall.readthedocs.io/en/stable/configuration.html#configuration)
* Please use 'aqt list-qt linux desktop' to show versions of Qt available.
* Please use 'aqt list-qt linux desktop --arch <QT_VERSION>' to list valid architectures.
2025-08-24 02:15:58,873 - aqt.helper - DEBUG - helper 140041385902208 Attempt to download checksum at https://download.qt.io/online/qtsdkrepository/linux_x64/desktop/qt6_680/qt6_680/Updates.xml.sha256
2025-08-24 02:16:01,884 - aqt.helper - DEBUG - helper 140041385902208 Attempt to download checksum at https://download.qt.io/online/qtsdkrepository/linux_x64/desktop/qt6_680/qt6_680/Updates.xml.sha256
2025-08-24 02:16:04,902 - aqt.helper - DEBUG - helper 140041385902208 Attempt to download checksum at https://download.qt.io/online/qtsdkrepository/linux_x64/desktop/qt6_680/qt6_680/Updates.xml.sha256
2025-08-24 02:16:07,915 - aqt.helper - DEBUG - helper 140041385902208 Attempt to download checksum at https://download.qt.io/online/qtsdkrepository/linux_x64/desktop/qt6_680/qt6_680/Updates.xml.sha256
2025-08-24 02:16:10,932 - aqt.helper - DEBUG - helper 140041385902208 Attempt to download checksum at https://download.qt.io/online/qtsdkrepository/linux_x64/desktop/qt6_680/qt6_680/Updates.xml.sha256
2025-08-24 02:16:13,943 - aqt.main - ERROR - installer 140041385902208 Failed to download checksum for the file 'Updates.xml' from mirrors '['https://download.qt.io']
==============================Suggested follow-up:==============================
* Check your internet connection
* Consider modifying `requests.max_retries_to_retrieve_hash` in settings.ini
* Consider modifying `mirrors.trusted_mirrors` in settings.ini (see https://aqtinstall.readthedocs.io/en/stable/configuration.html#configuration)
* Please use 'aqt list-qt linux desktop' to show versions of Qt available.
